#
# There is insufficient memory for the Java Runtime Environment to continue.
# Native memory allocation (mmap) failed to map 266338304 bytes for G1 virtual space
# Possible reasons:
#   The system is out of physical RAM or swap space
#   The process is running with CompressedOops enabled, and the Java Heap may be blocking the growth of the native heap
# Possible solutions:
#   Reduce memory load on the system
#   Increase physical memory or swap space
#   Check if swap backing store is full
#   Decrease Java heap size (-Xmx/-Xms)
#   Decrease number of Java threads
#   Decrease Java thread stack sizes (-Xss)
#   Set larger code cache with -XX:ReservedCodeCacheSize=
#   JVM is running with Zero Based Compressed Oops mode in which the Java heap is
#     placed in the first 32GB address space. The Java Heap base address is the
#     maximum limit for the native heap growth. Please use -XX:HeapBaseMinAddress
#     to set the Java Heap base and to place the Java Heap above 32GB virtual address.
# This output file may be truncated or incomplete.
#
#  Out of Memory Error (os_windows.cpp:3548), pid=26452, tid=18188
#
# JRE version:  (17.0.12+8) (build )
# Java VM: Java HotSpot(TM) 64-Bit Server VM (17.0.12+8-LTS-286, mixed mode, sharing, tiered, compressed oops, compressed class ptrs, g1 gc, windows-amd64)
# No core dump will be written. Minidumps are not enabled by default on client versions of Windows
#

---------------  S U M M A R Y ------------

Command Line: org.jetbrains.kotlin.cli.jvm.K2JVMCompiler @D:\MyApps\MobileUser_Frontend\app\build\20250419_6694141566405146100.compiler.options

Host: Intel(R) Core(TM) i5-10210U CPU @ 1.60GHz, 8 cores, 15G,  Windows 10 , 64 bit Build 19041 (10.0.19041.5678)
Time: Sat Apr 19 13:52:07 2025 Paris, Madrid (heure duild 19041 (10.0.19041.5678) elapsed time: 1.759496 seconds (0d 0h 0m 1s)

---------------  T H R E A D  ---------------

Current thread (0x00000272776b9690):  JavaThread "Unknown thread" [_thread_in_vm, id=18188, stack(0x000000742fe00000,0x000000742ff00000)]

Stack: [0x000000742fe00000,0x000000742ff00000]
Native frames: (J=compiled Java code, j=interpreted, Vv=VM code, C=native code)
V  [jvm.dll+0x67a04a]
V  [jvm.dll+0x7da4ed]
V  [jvm.dll+0x7dbe33]
V  [jvm.dll+0x7dc4a3]
V  [jvm.dll+0x24508f]
V  [jvm.dll+0x677089]
V  [jvm.dll+0x66bd32]
V  [jvm.dll+0x301fa6]
V  [jvm.dll+0x309546]
V  [jvm.dll+0x359d2e]
V  [jvm.dll+0x359f5f]
V  [jvm.dll+0x2d9078]
V  [jvm.dll+0x2d9fe4]
V  [jvm.dll+0x7aca21]
V  [jvm.dll+0x367591]
V  [jvm.dll+0x78b999]
V  [jvm.dll+0x3ec83f]
V  [jvm.dll+0x3ee471]
C  [jli.dll+0x5297]
C  [ucrtbase.dll+0x21bb2]
C  [KERNEL32.DLL+0x17374]
C  [ntdll.dll+0x4cc91]


---------------  P R O C E S S  ---------------

Threads class SMR info:
_java_thread_list=0x00007ffd3cea7a18, length=0, elements={
}

Java Threads: ( => current thread )

Other Threads:
  0x00000272777235f0 GCTaskThread "GC Thread#0" [stack: 0x0000007430000000,0x0000007430100000] [id=24616]
  0x00000272777341c0 ConcurrentGCThread "G1 Main Marker" [stack: 0x0000007430100000,0x0000007430200000] [id=17632]
  0x0000027277734bd0 ConcurrentGCThread "G1 Conc#0" [stack: 0x0000007430200000,0x0000007430300000] [id=23616]

[error occurred during error reporting (printing all threads), id 0xc0000005, EXCEPTION_ACCESS_VIOLATION (0xc0000005) at pc=0x00007ffd3c6d9b67]

VM state: not at safepoint (not fully initialized)

VM Mutex/Monitor currently owned by a thread:  ([mutex/lock_event])
[0x00000272776b35d0] Heap_lock - owner thread: 0x00000272776b9690

Heap address: 0x0000000703800000, size: 4040 MB, Compressed Oops mode: Zero based, Oop shift amount: 3

CDS archive(s) mapped at: [0x0000000000000000-0x0000000000000000-0x0000000000000000), size 0, SharedBaseAddress: 0x0000000800000000, ArchiveRelocationMode: 1.
Narrow klass base: 0x0000000000000000, Narrow klass shift: 0, Narrow klass range: 0x0

GC Precious Log:
<Empty>

Heap:
 garbage-first heap   total 0K, used 0K [0x0000000703800000, 0x0000000800000000)
  region size 2048K, 0 young (0K), 0 survivors (0K)

[error occurred during error reporting (printing heap information), id 0xc0000005, EXCEPTION_ACCESS_VIOLATION (0xc0000005) at pc=0x00007ffd3cac3859]

GC Heap History (0 events):
No events

Deoptimization events (0 events):
No events

Classes unloaded (0 events):
No events

Classes redefined (0 events):
No events

Internal exceptions (0 events):
No events

VM Operations (0 events):
No events

Events (1 events):
Event: 0.596 Loaded shared library C:\Program Files\Java\jdk-17\bin\java.dll


Dynamic libraries:
0x00007ff616c70000 - 0x00007ff616c80000 	C:\Program Files\Java\jdk-17\bin\java.exe
0x00007ffd729f0000 - 0x00007ffd72be8000 	C:\Windows\SYSTEM32\ntdll.dll
0x00007ffd70ca0000 - 0x00007ffd70d62000 	C:\Windows\System32\KERNEL32.DLL
0x00007ffd704e0000 - 0x00007ffd707d6000 	C:\Windows\System32\KERNELBASE.dll
0x00007ffd703e0000 - 0x00007ffd704e0000 	C:\Windows\System32\ucrtbase.dll
0x00007ffd3da50000 - 0x00007ffd3da69000 	C:\Program Files\Java\jdk-17\bin\jli.dll
0x00007ffd72120000 - 0x00007ffd721cf000 	C:\Windows\System32\ADVAPI32.dll
0x00007ffd726d0000 - 0x00007ffd7276e000 	C:\Windows\System32\msvcrt.dll
0x00007ffd71640000 - 0x00007ffd716df000 	C:\Windows\System32\sechost.dll
0x00007ffd71930000 - 0x00007ffd71a53000 	C:\Windows\System32\RPCRT4.dll
0x00007ffd701e0000 - 0x00007ffd70207000 	C:\Windows\System32\bcrypt.dll
0x00007ffd71790000 - 0x00007ffd7192d000 	C:\Windows\System32\USER32.dll
0x00007ffd70900000 - 0x00007ffd70922000 	C:\Windows\System32\win32u.dll
0x00007ffd72770000 - 0x00007ffd7279b000 	C:\Windows\System32\GDI32.dll
0x00007ffd70210000 - 0x00007ffd7032a000 	C:\Windows\System32\gdi32full.dll
0x00007ffd70860000 - 0x00007ffd708fd000 	C:\Windows\System32\msvcp_win.dll
0x00007ffd3d200000 - 0x00007ffd3d21b000 	C:\Program Files\Java\jdk-17\bin\VCRUNTIME140.dll
0x00007ffd5ce20000 - 0x00007ffd5d0ba000 	C:\Windows\WinSxS\amd64_microsoft.windows.common-controls_6595b64144ccf1df_6.0.19041.4355_none_60b8b9eb71f62e16\COMCTL32.dll
0x00007ffd6a780000 - 0x00007ffd6a78a000 	C:\Windows\SYSTEM32\VERSION.dll
0x00007ffd71610000 - 0x00007ffd7163f000 	C:\Windows\System32\IMM32.DLL
0x00007ffd3da40000 - 0x00007ffd3da4c000 	C:\Program Files\Java\jdk-17\bin\vcruntime140_1.dll
0x00007ffd3cfd0000 - 0x00007ffd3d05e000 	C:\Program Files\Java\jdk-17\bin\msvcp140.dll
0x00007ffd3c3f0000 - 0x00007ffd3cfd0000 	C:\Program Files\Java\jdk-17\bin\server\jvm.dll
0x00007ffd728c0000 - 0x00007ffd728c8000 	C:\Windows\System32\PSAPI.DLL
0x00007ffd3c3e0000 - 0x00007ffd3c3e9000 	C:\Windows\SYSTEM32\WSOCK32.dll
0x00007ffd70dd0000 - 0x00007ffd70e3b000 	C:\Windows\System32\WS2_32.dll
0x00007ffd5c9e0000 - 0x00007ffd5ca07000 	C:\Windows\SYSTEM32\WINMM.dll
0x00007ffd6df00000 - 0x00007ffd6df12000 	C:\Windows\SYSTEM32\kernel.appcore.dll
0x00007ffd3c3d0000 - 0x00007ffd3c3da000 	C:\Program Files\Java\jdk-17\bin\jimage.dll
0x00007ffd5fac0000 - 0x00007ffd5fca4000 	C:\Windows\SYSTEM32\DBGHELP.DLL
0x00007ffd57a70000 - 0x00007ffd57aa4000 	C:\Windows\SYSTEM32\dbgcore.DLL
0x00007ffd70930000 - 0x00007ffd709b2000 	C:\Windows\System32\bcryptPrimitives.dll
0x00007ffd3c370000 - 0x00007ffd3c395000 	C:\Program Files\Java\jdk-17\bin\java.dll

dbghelp: loaded successfully - version: 4.0.5 - missing functions: none
symbol engine: initialized successfully - sym options: 0x614 - pdb path: .;C:\Program Files\Java\jdk-17\bin;C:\Windows\SYSTEM32;C:\Windows\WinSxS\amd64_microsoft.windows.common-controls_6595b64144ccf1df_6.0.19041.4355_none_60b8b9eb71f62e16;C:\Program Files\Java\jdk-17\bin\server

VM Arguments:
java_command: org.jetbrains.kotlin.cli.jvm.K2JVMCompiler @D:\MyApps\MobileUser_Frontend\app\build\20250419_6694141566405146100.compiler.options
java_class_path (initial): C:\Users\Morsi Store DZ\.gradle\caches\modules-2\files-2.1\org.jetbrains.kotlin\kotlin-compiler-embeddable\1.8.20\78d9baa57f65babf9e0a93e51f62f26f5f35ac3e\kotlin-compiler-embeddable-1.8.20.jar;C:\Users\Morsi Store DZ\.gradle\caches\modules-2\files-2.1\org.jetbrains.kotlin\kotlin-stdlib\1.8.20\e72fc5e03ec6c064c678a6bd0d955c88d55b0c4a\kotlin-stdlib-1.8.20.jar;C:\Users\Morsi Store DZ\.gradle\caches\modules-2\files-2.1\org.jetbrains.kotlin\kotlin-script-runtime\1.8.20\c850771e723701f9d63dbcf641429c0f29290074\kotlin-script-runtime-1.8.20.jar;C:\Users\Morsi Store DZ\.gradle\caches\modules-2\files-2.1\org.jetbrains.kotlin\kotlin-reflect\1.6.10\1cbe9c92c12a94eea200d23c2bbaedaf3daf5132\kotlin-reflect-1.6.10.jar;C:\Users\Morsi Store DZ\.gradle\caches\modules-2\files-2.1\org.jetbrains.kotlin\kotlin-daemon-embeddable\1.8.20\c1b808fbe5fee60bd0504a54778120ef40f383d4\kotlin-daemon-embeddable-1.8.20.jar;C:\Users\Morsi Store DZ\.gradle\caches\modules-2\files-2.1\org.jetbrains.intellij.deps\trove4j\1.0.20200330\3afb14d5f9ceb459d724e907a21145e8ff394f02\trove4j-1.0.20200330.jar;C:\Users\Morsi Store DZ\.gradle\caches\modules-2\files-2.1\net.java.dev.jna\jna\5.6.0\330f2244e9030119ab3030fc3fededc86713d9cc\jna-5.6.0.jar;C:\Users\Morsi Store DZ\.gradle\caches\modules-2\files-2.1\org.jetbrains.kotlin\kotlin-stdlib-common\1.8.20\5eddaaf234c8c49d03eebeb6a14feb7f90faca71\kotlin-stdlib-common-1.8.20.jar;C:\Users\Morsi Store DZ\.gradle\caches\modules-2\files-2.1\org.jetbrains\annotations\13.0\919f0dfe192fb4e063e7dacadee7f8bb9a2672a9\annotations-13.0.jar
Launcher Type: SUN_STANDARD

[Global flags]
     intx CICompilerCount                          = 4                                         {product} {ergonomic}
     uint ConcGCThreads                            = 2                                         {product} {ergonomic}
     uint G1ConcRefinementThreads                  = 8                                         {product} {ergonomic}
   size_t G1HeapRegionSize                         = 2097152                                   {product} {ergonomic}
    uintx GCDrainStackTargetSize                   = 64                                        {product} {ergonomic}
   size_t InitialHeapSize                          = 266338304                                 {product} {ergonomic}
   size_t MarkStackSize                            = 4194304                                   {product} {ergonomic}
   size_t MaxHeapSize                              = 4236247040                                {product} {ergonomic}
   size_t MinHeapDeltaBytes                        = 2097152                                   {product} {ergonomic}
   size_t MinHeapSize                              = 8388608                                   {product} {ergonomic}
    uintx NonNMethodCodeHeapSize                   = 5839372                                {pd product} {ergonomic}
    uintx NonProfiledCodeHeapSize                  = 122909434                              {pd product} {ergonomic}
    uintx ProfiledCodeHeapSize                     = 122909434                              {pd product} {ergonomic}
    uintx ReservedCodeCacheSize                    = 251658240                              {pd product} {ergonomic}
     bool SegmentedCodeCache                       = true                                      {product} {ergonomic}
   size_t SoftMaxHeapSize                          = 4236247040                             {manageable} {ergonomic}
     bool UseCompressedClassPointers               = true                           {product lp64_product} {ergonomic}
     bool UseCompressedOops                        = true                           {product lp64_product} {ergonomic}
     bool UseG1GC                                  = true                                      {product} {ergonomic}
     bool UseLargePagesIndividualAllocation        = false                                  {pd product} {ergonomic}

Logging:
Log output configuration:
 #0: stdout all=warning uptime,level,tags
 #1: stderr all=off uptime,level,tags

Environment Variables:
JAVA_HOME=C:\Program Files\Java\jdk-17
PATH=C:\Python313\Scripts\;C:\Python313\;D:\Python 3.11\Scripts\;D:\Python 3.11\;C:\Program Files (x86)\Common Files\Intel\Shared Libraries\redist\intel64\compiler;C:\Program Files\Java\jdk-17\bin;C:\Program Files\Common Files\Oracle\Java\javapath;C:\Program Files (x86)\Common Files\Oracle\Java\javapath;C:\Windows\system32;C:\Windows;C:\Windows\System32\Wbem;C:\Windows\System32\WindowsPowerShell\v1.0\;C:\Windows\System32\OpenSSH\;C:\Program Files\dotnet\;C:\Program Files\Microsoft SQL Server\130\Tools\Binn\;C:\Program Files\Microsoft SQL Server\Client SDK\ODBC\170\Tools\Binn\;C:\Program Files (x86)\Common Files\Oracle\Java\javapath;C:\Gradle\gradle-8.1.1\bin;C:\Kotlinc\kotlinc\bin;C:\Program Files\nodejs;C:\Users\Morsi Store DZ\edgedriver_win64;C:\Program Files\MariaDB 11.4\bin;C:\Program Files (x86)\php-8.3.9;C:\ProgramData\ComposerSetup\bin;C:\Users\Morsi Store DZ\AppData\Roaming\npm\;C:\Program Files\PuTTY\;C:\Program Files\sonar-scanner-4.6.1.2450-windows\bin;C:\Program Files\Git\cmd;C:\Users\Morsi Store DZ\AppData\Local\Android\Sdk\platform-tools\;C:\Program Files\nodejs\;C:\ProgramData\chocolatey\bin;C:\Program Files\MySQL\MySQL Shell 8.0\bin\;C:\;C:\Users\Morsi Store DZ\AppData\Local\Programs\Microsoft VS Code\bin;C:\Users\Morsi Store DZ\AppData\Roaming\Composer\vendor\bin;C:\Program Files\JetBrains\IntelliJ IDEA 2024.2.3\bin;;C:\Program Files\JetBrains\IntelliJ IDEA Community Edition 2024.2.3\bin;;C:\msys64\ucrt64\bin;C:\edgedriver_win64;C:\Users\Morsi Store DZ\AppData\Roaming\npm
USERNAME=Nobody
OS=Windows_NT
PROCESSOR_IDENTIFIER=Intel64 Family 6 Model 142 Stepping 12, GenuineIntel



---------------  S Y S T E M  ---------------

OS:
 Windows 10 , 64 bit Build 19041 (10.0.19041.5678)
OS uptime: 8 days 6:05 hours

CPU: total 8 (initial active 8) (4 cores per cpu, 2 threads per core) family 6 model 142 stepping 12 microcode 0xd6, cx8, cmov, fxsr, ht, mmx, 3dnowpref, sse, sse2, sse3, ssse3, sse4.1, sse4.2, popcnt, lzcnt, tsc, tscinvbit, avx, avx2, aes, erms, clmul, bmi1, bmi2, adx, fma, vzeroupper, clflush, clflushopt

Memory: 4k page, system-wide physical 16157M (620M free)
TotalPageFile size 24887M (AvailPageFile size 212M)
current process WorkingSet (physical memory assigned to process): 10M, peak: 10M
current process commit charge ("private bytes"): 60M, peak: 314M

vm_info: Java HotSpot(TM) 64-Bit Server VM (17.0.12+8-LTS-286) for windows-amd64 JRE (17.0.12+8-LTS-286), built on Jun  5 2024 06:46:59 by "mach5one" with MS VC++ 17.6 (VS2022)

END.
